// Jest Snapshot v1, https://goo.gl/fbAQLP

exports[`App component renders correctly 1`] = `
<div
  id="app"
>
  <h1>
    App
  </h1>
</div>
`;
